2024-01-17 14:48:46,968 - INFO - Initialisation du traitement des données sur les vols.
2024-01-17 14:48:46,968 - INFO - Lecture des données depuis la base de données.
2024-01-17 14:48:46,994 - INFO - Données lues avec succès depuis la table FlightsData.
2024-01-17 14:48:46,994 - INFO - Suppression des lignes dupliquées dans le DataFrame.
2024-01-17 14:48:47,003 - INFO - Lignes dupliquées supprimées avec succès.
2024-01-17 14:48:47,004 - INFO - Renommage des colonnes du DataFrame.
2024-01-17 14:48:47,004 - INFO - Renommage des colonnes terminé avec succès.
2024-01-17 14:48:47,004 - INFO - Séparation de l'heure et de l'indicateur AM/PM.
2024-01-17 14:48:47,012 - INFO - Séparation de l'heure et de l'indicateur AM/PM terminée avec succès.
2024-01-17 14:48:47,012 - INFO - Remplissage des valeurs manquantes des prix.
2024-01-17 14:48:47,015 - INFO - Remplissage des valeurs manquantes des prix terminé avec succès.
2024-01-17 14:48:47,015 - INFO - Remplacement des valeurs nulles dans la colonne LayoverTime par la nouvelle valeur 0.
2024-01-17 14:48:47,016 - INFO - Nombre de valeurs nulles remplacées dans LayoverTime : 13
2024-01-17 14:48:47,018 - INFO - Remplacement des valeurs nulles terminé avec succès.
2024-01-17 14:48:47,018 - INFO - Remplacement des valeurs nulles dans la colonne LayoverTime par la nouvelle valeur 0.
2024-01-17 14:48:47,018 - INFO - Remplacement des valeurs nulles dans la colonne StopLocation par la nouvelle valeur No Stops.
2024-01-17 14:48:47,018 - INFO - Nombre de valeurs nulles remplacées dans StopLocation : 13
2024-01-17 14:48:47,019 - INFO - Remplacement des valeurs nulles terminé avec succès.
2024-01-17 14:48:47,019 - INFO - Remplacement des valeurs nulles dans la colonne StopLocation par la nouvelle valeur No Stops.
2024-01-17 14:48:47,019 - INFO - Remplacement des valeurs nulles dans la colonne TripType par la nouvelle valeur Not Defined.
2024-01-17 14:48:47,019 - INFO - Nombre de valeurs nulles remplacées dans TripType : 0
2024-01-17 14:48:47,020 - INFO - Remplacement des valeurs nulles terminé avec succès.
2024-01-17 14:48:47,020 - INFO - Remplacement des valeurs nulles dans la colonne TripType par la nouvelle valeur Not Defined.
2024-01-17 14:48:47,020 - INFO - Extraction de la devise et de la valeur depuis la colonne Price.
2024-01-17 14:48:47,021 - INFO - Extraction de la devise et de la valeur terminée avec succès.
2024-01-17 14:48:47,021 - INFO - Extraction de la valeur en pourcentage depuis la colonne EmissionAvgDiff.
2024-01-17 14:48:47,023 - INFO - Extraction de la valeur en pourcentage terminée avec succès.
2024-01-17 14:48:47,023 - INFO - Suppression des colonnes spécifiées du DataFrame.
2024-01-17 14:48:47,025 - INFO - Colonnes supprimées avec succès.
2024-01-17 14:48:47,035 - INFO - Traitement des données sur les vols terminé avec succès.
2024-01-17 14:59:14,062 - INFO - Initialisation du traitement des données sur les vols.
2024-01-17 14:59:14,062 - INFO - Lecture des données depuis la base de données.
2024-01-17 14:59:14,087 - INFO - Données lues avec succès depuis la table FlightsData.
2024-01-17 14:59:14,087 - INFO - Suppression des colonnes spécifiées du DataFrame.
2024-01-17 14:59:14,089 - INFO - Colonnes supprimées avec succès.
2024-01-17 14:59:14,089 - INFO - Remplacement des valeurs nulles dans la colonne LayoverTime par la nouvelle valeur 0.
2024-01-17 14:59:14,090 - INFO - Nombre de valeurs nulles remplacées dans LayoverTime: 13
2024-01-17 14:59:14,090 - INFO - Remplacement des valeurs nulles terminé avec succès.
2024-01-17 14:59:14,090 - INFO - Remplacement des valeurs nulles dans la colonne StopLocation par la nouvelle valeur No Stops.
2024-01-17 14:59:14,090 - INFO - Nombre de valeurs nulles remplacées dans StopLocation: 13
2024-01-17 14:59:14,091 - INFO - Remplacement des valeurs nulles terminé avec succès.
2024-01-17 14:59:14,091 - INFO - Remplacement des valeurs nulles dans la colonne TripType par la nouvelle valeur Not Defined.
2024-01-17 14:59:14,092 - INFO - Nombre de valeurs nulles remplacées dans TripType: 0
2024-01-17 14:59:14,092 - INFO - Remplacement des valeurs nulles terminé avec succès.
2024-01-17 14:59:14,092 - INFO - Extraction de la devise et de la valeur depuis la colonne Price.
2024-01-17 14:59:14,094 - INFO - Extraction de la devise et de la valeur terminée avec succès.
2024-01-17 14:59:14,094 - INFO - Extraction de la valeur en pourcentage depuis la colonne EmissionAvgDiff.
2024-01-17 14:59:14,095 - ERROR - Une erreur s'est produite lors de l'extraction de la valeur en pourcentage : 'EmissionAvgDiff'
Traceback (most recent call last):
  File "/Users/sabri/anaconda3/envs/Flights_Analysis/lib/python3.8/site-packages/pandas/core/indexes/base.py", line 3653, in get_loc
    return self._engine.get_loc(casted_key)
  File "pandas/_libs/index.pyx", line 147, in pandas._libs.index.IndexEngine.get_loc
  File "pandas/_libs/index.pyx", line 176, in pandas._libs.index.IndexEngine.get_loc
  File "pandas/_libs/hashtable_class_helper.pxi", line 7080, in pandas._libs.hashtable.PyObjectHashTable.get_item
  File "pandas/_libs/hashtable_class_helper.pxi", line 7088, in pandas._libs.hashtable.PyObjectHashTable.get_item
KeyError: 'EmissionAvgDiff'

The above exception was the direct cause of the following exception:

Traceback (most recent call last):
  File "/Users/sabri/Desktop/Study /Youcode/Github/aviation-data-analytics/data_processing/batch_processing/Flights_DataProcessing.py", line 107, in extract_percentage_value
    self.flightsData[column_to_process + '_percentage'] = self.flightsData[column_to_process].str.extract(pattern)
  File "/Users/sabri/anaconda3/envs/Flights_Analysis/lib/python3.8/site-packages/pandas/core/frame.py", line 3761, in __getitem__
    indexer = self.columns.get_loc(key)
  File "/Users/sabri/anaconda3/envs/Flights_Analysis/lib/python3.8/site-packages/pandas/core/indexes/base.py", line 3655, in get_loc
    raise KeyError(key) from err
KeyError: 'EmissionAvgDiff'
2024-01-17 14:59:14,104 - ERROR - Une erreur s'est produite lors du traitement des données sur les vols : 'EmissionAvgDiff'
Traceback (most recent call last):
  File "/Users/sabri/anaconda3/envs/Flights_Analysis/lib/python3.8/site-packages/pandas/core/indexes/base.py", line 3653, in get_loc
    return self._engine.get_loc(casted_key)
  File "pandas/_libs/index.pyx", line 147, in pandas._libs.index.IndexEngine.get_loc
  File "pandas/_libs/index.pyx", line 176, in pandas._libs.index.IndexEngine.get_loc
  File "pandas/_libs/hashtable_class_helper.pxi", line 7080, in pandas._libs.hashtable.PyObjectHashTable.get_item
  File "pandas/_libs/hashtable_class_helper.pxi", line 7088, in pandas._libs.hashtable.PyObjectHashTable.get_item
KeyError: 'EmissionAvgDiff'

The above exception was the direct cause of the following exception:

Traceback (most recent call last):
  File "/Users/sabri/Desktop/Study /Youcode/Github/aviation-data-analytics/data_processing/batch_processing/Flights_DataProcessing.py", line 85, in process_flights_data
    self.extract_percentage_value('EmissionAvgDiff')
  File "/Users/sabri/Desktop/Study /Youcode/Github/aviation-data-analytics/data_processing/batch_processing/Flights_DataProcessing.py", line 111, in extract_percentage_value
    raise e
  File "/Users/sabri/Desktop/Study /Youcode/Github/aviation-data-analytics/data_processing/batch_processing/Flights_DataProcessing.py", line 107, in extract_percentage_value
    self.flightsData[column_to_process + '_percentage'] = self.flightsData[column_to_process].str.extract(pattern)
  File "/Users/sabri/anaconda3/envs/Flights_Analysis/lib/python3.8/site-packages/pandas/core/frame.py", line 3761, in __getitem__
    indexer = self.columns.get_loc(key)
  File "/Users/sabri/anaconda3/envs/Flights_Analysis/lib/python3.8/site-packages/pandas/core/indexes/base.py", line 3655, in get_loc
    raise KeyError(key) from err
KeyError: 'EmissionAvgDiff'
2024-01-17 15:02:21,413 - INFO - Initialisation du traitement des données sur les vols.
2024-01-17 15:02:21,414 - INFO - Lecture des données depuis la base de données.
2024-01-17 15:02:21,440 - INFO - Données lues avec succès depuis la table FlightsData.
2024-01-17 15:02:21,440 - INFO - Suppression des colonnes spécifiées du DataFrame.
2024-01-17 15:02:21,444 - INFO - Colonnes supprimées avec succès.
2024-01-17 15:02:21,445 - INFO - Remplacement des valeurs nulles dans la colonne LayoverTime par la nouvelle valeur 0.
2024-01-17 15:02:21,445 - INFO - Nombre de valeurs nulles remplacées dans LayoverTime: 13
2024-01-17 15:02:21,446 - INFO - Remplacement des valeurs nulles terminé avec succès.
2024-01-17 15:02:21,446 - INFO - Remplacement des valeurs nulles dans la colonne StopLocation par la nouvelle valeur No Stops.
2024-01-17 15:02:21,446 - INFO - Nombre de valeurs nulles remplacées dans StopLocation: 13
2024-01-17 15:02:21,447 - INFO - Remplacement des valeurs nulles terminé avec succès.
2024-01-17 15:02:21,447 - INFO - Remplacement des valeurs nulles dans la colonne TripType par la nouvelle valeur Not Defined.
2024-01-17 15:02:21,447 - INFO - Nombre de valeurs nulles remplacées dans TripType: 0
2024-01-17 15:02:21,448 - INFO - Remplacement des valeurs nulles terminé avec succès.
2024-01-17 15:02:21,448 - INFO - Extraction de la devise et de la valeur depuis la colonne Price.
2024-01-17 15:02:21,450 - INFO - Extraction de la devise et de la valeur terminée avec succès.
2024-01-17 15:02:21,450 - INFO - Extraction de la valeur en pourcentage depuis la colonne EmissionAvgDiff.
2024-01-17 15:02:21,450 - ERROR - Une erreur s'est produite lors de l'extraction de la valeur en pourcentage : 'EmissionAvgDiff'
Traceback (most recent call last):
  File "/Users/sabri/anaconda3/envs/Flights_Analysis/lib/python3.8/site-packages/pandas/core/indexes/base.py", line 3653, in get_loc
    return self._engine.get_loc(casted_key)
  File "pandas/_libs/index.pyx", line 147, in pandas._libs.index.IndexEngine.get_loc
  File "pandas/_libs/index.pyx", line 176, in pandas._libs.index.IndexEngine.get_loc
  File "pandas/_libs/hashtable_class_helper.pxi", line 7080, in pandas._libs.hashtable.PyObjectHashTable.get_item
  File "pandas/_libs/hashtable_class_helper.pxi", line 7088, in pandas._libs.hashtable.PyObjectHashTable.get_item
KeyError: 'EmissionAvgDiff'

The above exception was the direct cause of the following exception:

Traceback (most recent call last):
  File "/Users/sabri/Desktop/Study /Youcode/Github/aviation-data-analytics/data_processing/batch_processing/Flights_DataProcessing.py", line 92, in extract_percentage_value
    self.flightsData[column_to_process + '_percentage'] = self.flightsData[column_to_process].str.extract(pattern)
  File "/Users/sabri/anaconda3/envs/Flights_Analysis/lib/python3.8/site-packages/pandas/core/frame.py", line 3761, in __getitem__
    indexer = self.columns.get_loc(key)
  File "/Users/sabri/anaconda3/envs/Flights_Analysis/lib/python3.8/site-packages/pandas/core/indexes/base.py", line 3655, in get_loc
    raise KeyError(key) from err
KeyError: 'EmissionAvgDiff'
2024-01-17 15:02:21,458 - ERROR - Une erreur s'est produite lors du traitement des données sur les vols : 'EmissionAvgDiff'
Traceback (most recent call last):
  File "/Users/sabri/anaconda3/envs/Flights_Analysis/lib/python3.8/site-packages/pandas/core/indexes/base.py", line 3653, in get_loc
    return self._engine.get_loc(casted_key)
  File "pandas/_libs/index.pyx", line 147, in pandas._libs.index.IndexEngine.get_loc
  File "pandas/_libs/index.pyx", line 176, in pandas._libs.index.IndexEngine.get_loc
  File "pandas/_libs/hashtable_class_helper.pxi", line 7080, in pandas._libs.hashtable.PyObjectHashTable.get_item
  File "pandas/_libs/hashtable_class_helper.pxi", line 7088, in pandas._libs.hashtable.PyObjectHashTable.get_item
KeyError: 'EmissionAvgDiff'

The above exception was the direct cause of the following exception:

Traceback (most recent call last):
  File "/Users/sabri/Desktop/Study /Youcode/Github/aviation-data-analytics/data_processing/batch_processing/Flights_DataProcessing.py", line 107, in process_flights_data
    self.extract_percentage_value('EmissionAvgDiff')
  File "/Users/sabri/Desktop/Study /Youcode/Github/aviation-data-analytics/data_processing/batch_processing/Flights_DataProcessing.py", line 96, in extract_percentage_value
    raise e
  File "/Users/sabri/Desktop/Study /Youcode/Github/aviation-data-analytics/data_processing/batch_processing/Flights_DataProcessing.py", line 92, in extract_percentage_value
    self.flightsData[column_to_process + '_percentage'] = self.flightsData[column_to_process].str.extract(pattern)
  File "/Users/sabri/anaconda3/envs/Flights_Analysis/lib/python3.8/site-packages/pandas/core/frame.py", line 3761, in __getitem__
    indexer = self.columns.get_loc(key)
  File "/Users/sabri/anaconda3/envs/Flights_Analysis/lib/python3.8/site-packages/pandas/core/indexes/base.py", line 3655, in get_loc
    raise KeyError(key) from err
KeyError: 'EmissionAvgDiff'
2024-01-17 15:02:56,426 - INFO - Initialisation du traitement des données sur les vols.
2024-01-17 15:02:56,426 - INFO - Lecture des données depuis la base de données.
2024-01-17 15:02:56,436 - INFO - Données lues avec succès depuis la table FlightsData.
2024-01-17 15:02:56,436 - INFO - Remplacement des valeurs nulles dans la colonne LayoverTime par la nouvelle valeur 0.
2024-01-17 15:02:56,437 - INFO - Nombre de valeurs nulles remplacées dans LayoverTime: 13
2024-01-17 15:02:56,438 - INFO - Remplacement des valeurs nulles terminé avec succès.
2024-01-17 15:02:56,438 - INFO - Remplacement des valeurs nulles dans la colonne StopLocation par la nouvelle valeur No Stops.
2024-01-17 15:02:56,439 - INFO - Nombre de valeurs nulles remplacées dans StopLocation: 13
2024-01-17 15:02:56,439 - INFO - Remplacement des valeurs nulles terminé avec succès.
2024-01-17 15:02:56,439 - INFO - Remplacement des valeurs nulles dans la colonne TripType par la nouvelle valeur Not Defined.
2024-01-17 15:02:56,440 - INFO - Nombre de valeurs nulles remplacées dans TripType: 0
2024-01-17 15:02:56,440 - INFO - Remplacement des valeurs nulles terminé avec succès.
2024-01-17 15:02:56,440 - INFO - Extraction de la devise et de la valeur depuis la colonne Price.
2024-01-17 15:02:56,442 - INFO - Extraction de la devise et de la valeur terminée avec succès.
2024-01-17 15:02:56,442 - INFO - Extraction de la valeur en pourcentage depuis la colonne EmissionAvgDiff.
2024-01-17 15:02:56,451 - INFO - Extraction de la valeur en pourcentage terminée avec succès.
2024-01-17 15:02:56,451 - INFO - Suppression des colonnes spécifiées du DataFrame.
2024-01-17 15:02:56,453 - INFO - Colonnes supprimées avec succès.
2024-01-17 15:02:56,453 - INFO - Traitement des données sur les vols terminé avec succès.
2024-01-17 15:03:49,052 - INFO - Initialisation du traitement des données sur les vols.
2024-01-17 15:03:49,052 - INFO - Lecture des données depuis la base de données.
2024-01-17 15:03:49,066 - INFO - Données lues avec succès depuis la table FlightsData.
2024-01-17 15:03:49,066 - INFO - Remplacement des valeurs nulles dans la colonne LayoverTime par la nouvelle valeur 0.
2024-01-17 15:03:49,066 - INFO - Nombre de valeurs nulles remplacées dans LayoverTime: 13
2024-01-17 15:03:49,067 - INFO - Remplacement des valeurs nulles terminé avec succès.
2024-01-17 15:03:49,067 - INFO - Remplacement des valeurs nulles dans la colonne StopLocation par la nouvelle valeur No Stops.
2024-01-17 15:03:49,068 - INFO - Nombre de valeurs nulles remplacées dans StopLocation: 13
2024-01-17 15:03:49,068 - INFO - Remplacement des valeurs nulles terminé avec succès.
2024-01-17 15:03:49,068 - INFO - Remplacement des valeurs nulles dans la colonne TripType par la nouvelle valeur Not Defined.
2024-01-17 15:03:49,068 - INFO - Nombre de valeurs nulles remplacées dans TripType: 0
2024-01-17 15:03:49,069 - INFO - Remplacement des valeurs nulles terminé avec succès.
2024-01-17 15:03:49,069 - INFO - Extraction de la devise et de la valeur depuis la colonne Price.
2024-01-17 15:03:49,070 - INFO - Extraction de la devise et de la valeur terminée avec succès.
2024-01-17 15:03:49,070 - INFO - Extraction de la valeur en pourcentage depuis la colonne EmissionAvgDiff.
2024-01-17 15:03:49,072 - INFO - Extraction de la valeur en pourcentage terminée avec succès.
2024-01-17 15:03:49,072 - INFO - Suppression des colonnes spécifiées du DataFrame.
2024-01-17 15:03:49,073 - INFO - Colonnes supprimées avec succès.
2024-01-17 15:03:49,084 - INFO - Traitement des données sur les vols terminé avec succès.
2024-01-17 15:15:21,294 - INFO - Initialisation du traitement des données sur les vols.
2024-01-17 15:15:21,294 - INFO - Lecture des données depuis la base de données.
2024-01-17 15:15:21,332 - INFO - Données lues avec succès depuis la table FlightsData.
2024-01-17 15:15:21,332 - INFO - Remplacement des valeurs nulles dans la colonne LayoverTime par la nouvelle valeur 0.
2024-01-17 15:15:21,334 - INFO - Nombre de valeurs nulles remplacées dans LayoverTime: 13
2024-01-17 15:15:21,336 - INFO - Remplacement des valeurs nulles terminé avec succès.
2024-01-17 15:15:21,336 - INFO - Remplacement des valeurs nulles dans la colonne StopLocation par la nouvelle valeur No Stops.
2024-01-17 15:15:21,337 - INFO - Nombre de valeurs nulles remplacées dans StopLocation: 13
2024-01-17 15:15:21,338 - INFO - Remplacement des valeurs nulles terminé avec succès.
2024-01-17 15:15:21,339 - INFO - Remplacement des valeurs nulles dans la colonne TripType par la nouvelle valeur Not Defined.
2024-01-17 15:15:21,339 - INFO - Nombre de valeurs nulles remplacées dans TripType: 0
2024-01-17 15:15:21,340 - INFO - Remplacement des valeurs nulles terminé avec succès.
2024-01-17 15:15:21,340 - INFO - Extraction de la devise et de la valeur depuis la colonne Price.
2024-01-17 15:15:21,344 - INFO - Extraction de la devise et de la valeur terminée avec succès.
2024-01-17 15:15:21,344 - INFO - Extraction de la valeur en pourcentage depuis la colonne EmissionAvgDiff.
2024-01-17 15:15:21,346 - INFO - Extraction de la valeur en pourcentage terminée avec succès.
2024-01-17 15:15:21,347 - INFO - Remplissage des valeurs manquantes des prix.
2024-01-17 15:15:21,351 - INFO - Remplissage des valeurs manquantes des prix terminé avec succès.
2024-01-17 15:15:21,351 - INFO - Séparation de l'heure et de l'indicateur AM/PM.
2024-01-17 15:15:21,360 - INFO - Séparation de l'heure et de l'indicateur AM/PM terminée avec succès.
2024-01-17 15:15:21,361 - INFO - Suppression des colonnes spécifiées du DataFrame.
2024-01-17 15:15:21,362 - INFO - Colonnes supprimées avec succès.
2024-01-17 15:15:21,371 - INFO - Traitement des données sur les vols terminé avec succès.
2024-01-17 15:22:44,555 - INFO - Initialisation du traitement des données sur les vols.
2024-01-17 15:22:44,555 - INFO - Lecture des données depuis la base de données.
2024-01-17 15:22:44,574 - INFO - Données lues avec succès depuis la table FlightsData.
2024-01-17 15:22:44,574 - INFO - Remplacement des valeurs nulles dans la colonne LayoverTime par la nouvelle valeur 0.
2024-01-17 15:22:44,575 - INFO - Nombre de valeurs nulles remplacées dans LayoverTime: 13
2024-01-17 15:22:44,576 - INFO - Remplacement des valeurs nulles terminé avec succès.
2024-01-17 15:22:44,576 - INFO - Remplacement des valeurs nulles dans la colonne StopLocation par la nouvelle valeur No Stops.
2024-01-17 15:22:44,577 - INFO - Nombre de valeurs nulles remplacées dans StopLocation: 13
2024-01-17 15:22:44,577 - INFO - Remplacement des valeurs nulles terminé avec succès.
2024-01-17 15:22:44,577 - INFO - Remplacement des valeurs nulles dans la colonne TripType par la nouvelle valeur Not Defined.
2024-01-17 15:22:44,577 - INFO - Nombre de valeurs nulles remplacées dans TripType: 0
2024-01-17 15:22:44,578 - INFO - Remplacement des valeurs nulles terminé avec succès.
2024-01-17 15:22:44,578 - INFO - Extraction de la devise et de la valeur depuis la colonne Price.
2024-01-17 15:22:44,580 - INFO - Extraction de la devise et de la valeur terminée avec succès.
2024-01-17 15:22:44,580 - INFO - Extraction de la valeur en pourcentage depuis la colonne EmissionAvgDiff.
2024-01-17 15:22:44,582 - INFO - Extraction de la valeur en pourcentage terminée avec succès.
2024-01-17 15:22:44,582 - INFO - Remplissage des valeurs manquantes des prix.
2024-01-17 15:22:44,585 - INFO - Remplissage des valeurs manquantes des prix terminé avec succès.
2024-01-17 15:22:44,585 - INFO - Séparation de l'heure et de l'indicateur AM/PM.
2024-01-17 15:22:44,591 - INFO - Séparation de l'heure et de l'indicateur AM/PM terminée avec succès.
2024-01-17 15:22:44,591 - INFO - Suppression des colonnes spécifiées du DataFrame.
2024-01-17 15:22:44,592 - INFO - Colonnes supprimées avec succès.
2024-01-17 15:22:44,596 - INFO - Traitement des données sur les vols terminé avec succès.
2024-01-17 15:24:08,316 - INFO - Initialisation du traitement des données sur les vols.
2024-01-17 15:24:08,317 - INFO - Lecture des données depuis la base de données.
2024-01-17 15:24:08,372 - INFO - Données lues avec succès depuis la table FlightsData.
2024-01-17 15:24:08,372 - INFO - Remplacement des valeurs nulles dans la colonne LayoverTime par la nouvelle valeur 0.
2024-01-17 15:24:08,373 - INFO - Nombre de valeurs nulles remplacées dans LayoverTime: 13
2024-01-17 15:24:08,373 - INFO - Remplacement des valeurs nulles terminé avec succès.
2024-01-17 15:24:08,373 - INFO - Remplacement des valeurs nulles dans la colonne StopLocation par la nouvelle valeur No Stops.
2024-01-17 15:24:08,374 - INFO - Nombre de valeurs nulles remplacées dans StopLocation: 13
2024-01-17 15:24:08,374 - INFO - Remplacement des valeurs nulles terminé avec succès.
2024-01-17 15:24:08,374 - INFO - Remplacement des valeurs nulles dans la colonne TripType par la nouvelle valeur Not Defined.
2024-01-17 15:24:08,374 - INFO - Nombre de valeurs nulles remplacées dans TripType: 0
2024-01-17 15:24:08,375 - INFO - Remplacement des valeurs nulles terminé avec succès.
2024-01-17 15:24:08,375 - INFO - Extraction de la devise et de la valeur depuis la colonne Price.
2024-01-17 15:24:08,376 - INFO - Extraction de la devise et de la valeur terminée avec succès.
2024-01-17 15:24:08,377 - INFO - Extraction de la valeur en pourcentage depuis la colonne EmissionAvgDiff.
2024-01-17 15:24:08,378 - INFO - Extraction de la valeur en pourcentage terminée avec succès.
2024-01-17 15:24:08,378 - INFO - Remplissage des valeurs manquantes des prix.
2024-01-17 15:24:08,379 - INFO - Remplissage des valeurs manquantes des prix terminé avec succès.
2024-01-17 15:24:08,379 - INFO - Séparation de l'heure et de l'indicateur AM/PM.
2024-01-17 15:24:08,383 - INFO - Séparation de l'heure et de l'indicateur AM/PM terminée avec succès.
2024-01-17 15:24:08,383 - INFO - Suppression des colonnes spécifiées du DataFrame.
2024-01-17 15:24:08,384 - INFO - Colonnes supprimées avec succès.
2024-01-17 15:24:08,389 - INFO - Traitement des données sur les vols terminé avec succès.
